// Jest Snapshot v1, https://goo.gl/fbAQLP

exports[`should render 1`] = `
<div
  className="a b c d e f g h i j k l m n o p q r s t u v w x y z ab ac ae af ag ah ai aj ak al am an ao ap aq ar as at au av aw ax ay az ba bb bc bd be bf bg bh bi bj bk bl bm bn bo bp bq br bs bt bu bv bw bx by bz ca cb cc cd ce cf cg ch ci cj ck cl cm cn co cp cq cr cs ct cu cv cw cx cy cz"
>
  <div
    className="Select Select--single"
    style={undefined}
  >
    <div
      className="Select-control"
      onKeyDown={[Function]}
      onMouseDown={[Function]}
      onTouchEnd={[Function]}
      onTouchMove={[Function]}
      onTouchStart={[Function]}
      style={undefined}
    >
      <span
        className="Select-multi-value-wrapper"
        id="react-select-2--value"
      >
        <div
          className="Select-placeholder"
        >
          Select...
        </div>
        <div
          aria-activedescendant="react-select-2--value"
          aria-expanded={false}
          aria-owns="react-select-2--value"
          aria-readonly="false"
          className="Select-input"
          onBlur={[Function]}
          onFocus={[Function]}
          role="combobox"
          style={
            Object {
              "border": 0,
              "display": "inline-block",
              "width": 1,
            }
          }
          tabIndex={0}
        />
      </span>
      <span
        className="Select-arrow-zone"
        onMouseDown={[Function]}
      >
        <div
          className="da db dc dd de df n dg"
        />
      </span>
    </div>
  </div>
</div>
`;

exports[`should render 2`] = `
"
.a {
  box-sizing: border-box
}

.b {
  font-size: 0.86667rem
}

.c div {
  box-sizing: border-box
}

.d div {
  font-size: 0.86667rem
}

.e input {
  box-sizing: border-box
}

.f input {
  font-size: 0.86667rem
}

.g span {
  box-sizing: border-box
}

.h span {
  font-size: 0.86667rem
}

.i {
  flex: initial;
  -webkit-flex: initial
}

.j {
  margin: initial
}

.k {
  width: initial
}

.l {
  display: initial
}

.m {
  vertical-align: initial
}

.n {
  position: relative
}

.o {
  opacity: 1
}

.p .Select-control {
  background-color: #fff
}

.q .Select-control {
  border: 1px solid #BCBEC0
}

.r .Select-control {
  border-radius: 2px
}

.s .Select-control {
  color: #333333
}

.t .Select-control {
  cursor: default
}

.u .Select-control {
  display: table
}

.v .Select-control {
  border-spacing: 0px
}

.w .Select-control {
  border-collapse: separate
}

.x .Select-control {
  height: 32px
}

.y .Select-control {
  outline: none
}

.z .Select-control {
  overflow: hidden
}

.ab .Select-control {
  position: relative
}

.ac .Select-control {
  width: 100%
}

.ae .Select-control {
  transition: border-color 0.2s ease;
  -webkit-transition: border-color 0.2s ease;
  -moz-transition: border-color 0.2s ease
}

.af .Select-control .Select-input:focus {
  outline: none
}

.ag .Select-menu-outer {
  position: relative
}

.ah:hover .Select-control {
  border-color: #2869a2
}

.ai .is-focused .Select-control {
  border-color: #2869a2
}

.aj .is-open .Select-control {
  border-color: #BCBEC0
}

.ak .Select-placeholder {
  bottom: 0px
}

.al .Select-placeholder {
  color: #333
}

.am .Select-placeholder {
  left: 0px
}

.an .Select-placeholder {
  line-height: 32px
}

.ao .Select-placeholder {
  padding-left: 10px
}

.ap .Select-placeholder {
  padding-right: 10px
}

.aq .Select-placeholder {
  position: absolute
}

.ar .Select-placeholder {
  right: 0px
}

.as .Select-placeholder {
  top: 0px
}

.at .Select-placeholder {
  max-width: 100%
}

.au .Select-placeholder {
  overflow: hidden
}

.av .Select-placeholder {
  text-overflow: ellipsis
}

.aw .Select-placeholder {
  white-space: nowrap
}

.ax .Select--single > .Select-control .Select-value {
  bottom: 0px
}

.ay .Select--single > .Select-control .Select-value {
  color: #333
}

.az .Select--single > .Select-control .Select-value {
  left: 0px
}

.ba .Select--single > .Select-control .Select-value {
  line-height: 32px
}

.bb .Select--single > .Select-control .Select-value {
  padding-left: 10px
}

.bc .Select--single > .Select-control .Select-value {
  padding-right: 10px
}

.bd .Select--single > .Select-control .Select-value {
  position: absolute
}

.be .Select--single > .Select-control .Select-value {
  right: 0px
}

.bf .Select--single > .Select-control .Select-value {
  top: 0px
}

.bg .Select--single > .Select-control .Select-value {
  max-width: 100%
}

.bh .Select--single > .Select-control .Select-value {
  overflow: hidden
}

.bi .Select--single > .Select-control .Select-value {
  text-overflow: ellipsis
}

.bj .Select--single > .Select-control .Select-value {
  white-space: nowrap
}

.bk .Select-input {
  height: 32px
}

.bl .Select-input {
  padding-left: 10px
}

.bm .Select-input {
  padding-right: 10px
}

.bn .Select-input {
  vertical-align: middle
}

.bo .Select-input > input {
  width: 100%
}

.bp .Select-input > input {
  background: none transparent
}

.bq .Select-input > input {
  border: 0 none
}

.br .Select-input > input {
  cursor: default
}

.bs .Select-input > input {
  display: inline-block
}

.bt .Select-input > input {
  font-family: inherit
}

.bu .Select-input > input {
  font-size: inherit
}

.bv .Select-input > input {
  margin: 0px
}

.bw .Select-input > input {
  outline: none
}

.bx .Select-input > input {
  line-height: 14px
}

.by .Select-input > input {
  padding: 0px
}

.bz .Select-noresults {
  box-vizing: border-box
}

.ca .Select-noresults {
  color: #7D7D7D
}

.cb .Select-noresults {
  cursor: default
}

.cc .Select-noresults {
  display: block
}

.cd .Select-noresults {
  padding: 8px 10px
}

.ce .Select-aria-only {
  display: inline-block
}

.cf .Select-aria-only {
  height: 1px
}

.cg .Select-aria-only {
  width: 1px
}

.ch .Select-aria-only {
  margin: -1px
}

.ci .Select-aria-only {
  clip: rect(0, 0, 0, 0)
}

.cj .Select-aria-only {
  overflow: hidden
}

.ck .Select-arrow-zone {
  cursor: pointer
}

.cl .Select-arrow-zone {
  display: table-cell
}

.cm .Select-arrow-zone {
  position: relative
}

.cn .Select-arrow-zone {
  text-align: center
}

.co .Select-arrow-zone {
  vertical-align: middle
}

.cp .Select-arrow-zone {
  width: 25px
}

.cq .Select-arrow-zone {
  padding-right: 5px
}

.cr .Select-arrow-zone {
  top: 1px
}

.cs .Select-clear-zone {
  color: #7D7D7D
}

.ct .Select-clear-zone {
  cursor: pointer
}

.cu .Select-clear-zone {
  display: table-cell
}

.cv .Select-clear-zone {
  position: relative
}

.cw .Select-clear-zone {
  top: 1px
}

.cx .Select-clear-zone {
  text-align: center
}

.cy .Select-clear-zone {
  vertical-align: middle
}

.cz .Select-clear-zone {
  width: 17px
}

.da {
  border-color: #7D7D7D transparent transparent
}

.db {
  border-width: 5px 5px 2.5px
}

.dc {
  border-style: solid
}

.dd {
  display: inline-block
}

.de {
  height: 0px
}

.df {
  width: 0px
}

.dg {
  top: 0px
}
"
`;
