// Jest Snapshot v1, https://goo.gl/fbAQLP

exports[`should render 1`] = `
<section
  className="f1plgxv3"
  id={undefined}
>
  Card
</section>
`;

exports[`should render 2`] = `
"
.f1plgxv3 {
  margin-top: 1em;
  margin-bottom: 1em;
  padding: 0px;
  border: 1px solid #dedede;
  background-color: #fff;
  border-radius: 2px;
  transition: all 0.35s ease;
  -webkit-transition: all 0.35s ease;
  -moz-transition: all 0.35s ease
}
"
`;
