// Jest Snapshot v1, https://goo.gl/fbAQLP

exports[`should render 1`] = `
<div
  className="f113e28i"
>
  <div
    role="alert"
  >
    Message One
  </div>
  <div
    role="alert"
  >
    Message Two
  </div>
</div>
`;

exports[`should render 2`] = `
"
.f113e28i {
  padding-top: 0.5rem
}
"
`;
